--------------------------------------------------------------------------------
Release 14.7 Trace  (nt64)
Copyright (c) 1995-2013 Xilinx, Inc.  All rights reserved.

C:\Xilinx\14.7\ISE_DS\ISE\bin\nt64\unwrapped\trce.exe -intstyle ise -v 3 -s 3
-n 3 -fastpaths -xml Example_01_FA_16bit_Signed.twx
Example_01_FA_16bit_Signed.ncd -o Example_01_FA_16bit_Signed.twr
Example_01_FA_16bit_Signed.pcf

Design file:              Example_01_FA_16bit_Signed.ncd
Physical constraint file: Example_01_FA_16bit_Signed.pcf
Device,package,speed:     xc6slx9,tqg144,C,-3 (PRODUCTION 1.23 2013-10-13)
Report level:             verbose report

Environment Variable      Effect 
--------------------      ------ 
NONE                      No environment variables were set
--------------------------------------------------------------------------------

INFO:Timing:2698 - No timing constraints found, doing default enumeration.
INFO:Timing:3412 - To improve timing, see the Timing Closure User Guide (UG612).
INFO:Timing:2752 - To get complete path coverage, use the unconstrained paths 
   option. All paths that are not constrained will be reported in the 
   unconstrained paths section(s) of the report.
INFO:Timing:3339 - The clock-to-out numbers in this timing report are based on 
   a 50 Ohm transmission line loading model.  For the details of this model, 
   and for more information on accounting for different loading conditions, 
   please see the device datasheet.



Data Sheet report:
-----------------
All values displayed in nanoseconds (ns)

Pad to Pad
---------------+---------------+---------+
Source Pad     |Destination Pad|  Delay  |
---------------+---------------+---------+
A<0>           |Cout           |   12.162|
A<0>           |Sum<0>         |   10.023|
A<0>           |Sum<1>         |   10.173|
A<0>           |Sum<2>         |   10.066|
A<0>           |Sum<3>         |    9.783|
A<0>           |Sum<4>         |    9.966|
A<0>           |Sum<5>         |   10.128|
A<0>           |Sum<6>         |   10.281|
A<0>           |Sum<7>         |   10.456|
A<0>           |Sum<8>         |   10.388|
A<0>           |Sum<9>         |    9.995|
A<0>           |Sum<10>        |   10.201|
A<0>           |Sum<11>        |    9.966|
A<0>           |Sum<12>        |   10.350|
A<0>           |Sum<13>        |   10.779|
A<0>           |Sum<14>        |   11.632|
A<0>           |Sum<15>        |   11.579|
A<1>           |Cout           |   11.849|
A<1>           |Sum<1>         |    9.828|
A<1>           |Sum<2>         |    9.768|
A<1>           |Sum<3>         |    9.488|
A<1>           |Sum<4>         |    9.653|
A<1>           |Sum<5>         |    9.815|
A<1>           |Sum<6>         |    9.968|
A<1>           |Sum<7>         |   10.143|
A<1>           |Sum<8>         |   10.075|
A<1>           |Sum<9>         |    9.682|
A<1>           |Sum<10>        |    9.888|
A<1>           |Sum<11>        |    9.653|
A<1>           |Sum<12>        |   10.037|
A<1>           |Sum<13>        |   10.466|
A<1>           |Sum<14>        |   11.319|
A<1>           |Sum<15>        |   11.266|
A<2>           |Cout           |   11.631|
A<2>           |Sum<2>         |    9.508|
A<2>           |Sum<3>         |    9.224|
A<2>           |Sum<4>         |    9.435|
A<2>           |Sum<5>         |    9.597|
A<2>           |Sum<6>         |    9.750|
A<2>           |Sum<7>         |    9.925|
A<2>           |Sum<8>         |    9.857|
A<2>           |Sum<9>         |    9.464|
A<2>           |Sum<10>        |    9.670|
A<2>           |Sum<11>        |    9.435|
A<2>           |Sum<12>        |    9.819|
A<2>           |Sum<13>        |   10.248|
A<2>           |Sum<14>        |   11.101|
A<2>           |Sum<15>        |   11.048|
A<3>           |Cout           |   11.229|
A<3>           |Sum<3>         |    8.820|
A<3>           |Sum<4>         |    9.033|
A<3>           |Sum<5>         |    9.195|
A<3>           |Sum<6>         |    9.348|
A<3>           |Sum<7>         |    9.523|
A<3>           |Sum<8>         |    9.455|
A<3>           |Sum<9>         |    9.062|
A<3>           |Sum<10>        |    9.268|
A<3>           |Sum<11>        |    9.033|
A<3>           |Sum<12>        |    9.417|
A<3>           |Sum<13>        |    9.846|
A<3>           |Sum<14>        |   10.699|
A<3>           |Sum<15>        |   10.646|
A<4>           |Cout           |   10.765|
A<4>           |Sum<4>         |    8.450|
A<4>           |Sum<5>         |    8.584|
A<4>           |Sum<6>         |    8.826|
A<4>           |Sum<7>         |    9.018|
A<4>           |Sum<8>         |    8.991|
A<4>           |Sum<9>         |    8.598|
A<4>           |Sum<10>        |    8.804|
A<4>           |Sum<11>        |    8.569|
A<4>           |Sum<12>        |    8.953|
A<4>           |Sum<13>        |    9.382|
A<4>           |Sum<14>        |   10.235|
A<4>           |Sum<15>        |   10.182|
A<5>           |Cout           |   10.920|
A<5>           |Sum<5>         |    8.695|
A<5>           |Sum<6>         |    8.982|
A<5>           |Sum<7>         |    9.180|
A<5>           |Sum<8>         |    9.146|
A<5>           |Sum<9>         |    8.753|
A<5>           |Sum<10>        |    8.959|
A<5>           |Sum<11>        |    8.724|
A<5>           |Sum<12>        |    9.108|
A<5>           |Sum<13>        |    9.537|
A<5>           |Sum<14>        |   10.390|
A<5>           |Sum<15>        |   10.337|
A<6>           |Cout           |   10.391|
A<6>           |Sum<6>         |    8.411|
A<6>           |Sum<7>         |    8.605|
A<6>           |Sum<8>         |    8.617|
A<6>           |Sum<9>         |    8.224|
A<6>           |Sum<10>        |    8.430|
A<6>           |Sum<11>        |    8.195|
A<6>           |Sum<12>        |    8.579|
A<6>           |Sum<13>        |    9.008|
A<6>           |Sum<14>        |    9.861|
A<6>           |Sum<15>        |    9.808|
A<7>           |Cout           |   10.269|
A<7>           |Sum<7>         |    8.481|
A<7>           |Sum<8>         |    8.495|
A<7>           |Sum<9>         |    8.102|
A<7>           |Sum<10>        |    8.308|
A<7>           |Sum<11>        |    8.073|
A<7>           |Sum<12>        |    8.457|
A<7>           |Sum<13>        |    8.886|
A<7>           |Sum<14>        |    9.739|
A<7>           |Sum<15>        |    9.686|
A<8>           |Cout           |   10.066|
A<8>           |Sum<8>         |    8.173|
A<8>           |Sum<9>         |    7.752|
A<8>           |Sum<10>        |    8.047|
A<8>           |Sum<11>        |    7.829|
A<8>           |Sum<12>        |    8.254|
A<8>           |Sum<13>        |    8.683|
A<8>           |Sum<14>        |    9.536|
A<8>           |Sum<15>        |    9.483|
A<9>           |Cout           |    9.762|
A<9>           |Sum<9>         |    7.355|
A<9>           |Sum<10>        |    7.765|
A<9>           |Sum<11>        |    7.523|
A<9>           |Sum<12>        |    7.950|
A<9>           |Sum<13>        |    8.379|
A<9>           |Sum<14>        |    9.232|
A<9>           |Sum<15>        |    9.179|
A<10>          |Cout           |   10.193|
A<10>          |Sum<10>        |    8.133|
A<10>          |Sum<11>        |    7.917|
A<10>          |Sum<12>        |    8.381|
A<10>          |Sum<13>        |    8.810|
A<10>          |Sum<14>        |    9.663|
A<10>          |Sum<15>        |    9.610|
A<11>          |Cout           |    9.767|
A<11>          |Sum<11>        |    7.489|
A<11>          |Sum<12>        |    7.955|
A<11>          |Sum<13>        |    8.384|
A<11>          |Sum<14>        |    9.237|
A<11>          |Sum<15>        |    9.184|
A<12>          |Cout           |   10.146|
A<12>          |Sum<12>        |    8.215|
A<12>          |Sum<13>        |    8.616|
A<12>          |Sum<14>        |    9.558|
A<12>          |Sum<15>        |    9.522|
A<13>          |Cout           |   10.118|
A<13>          |Sum<13>        |    8.544|
A<13>          |Sum<14>        |    9.531|
A<13>          |Sum<15>        |    9.501|
A<14>          |Cout           |   10.089|
A<14>          |Sum<14>        |    9.460|
A<14>          |Sum<15>        |    9.426|
A<15>          |Cout           |    9.992|
A<15>          |Sum<15>        |    9.327|
B<0>           |Cout           |   11.851|
B<0>           |Sum<0>         |    9.726|
B<0>           |Sum<1>         |    9.874|
B<0>           |Sum<2>         |    9.769|
B<0>           |Sum<3>         |    9.483|
B<0>           |Sum<4>         |    9.655|
B<0>           |Sum<5>         |    9.817|
B<0>           |Sum<6>         |    9.970|
B<0>           |Sum<7>         |   10.145|
B<0>           |Sum<8>         |   10.077|
B<0>           |Sum<9>         |    9.684|
B<0>           |Sum<10>        |    9.890|
B<0>           |Sum<11>        |    9.655|
B<0>           |Sum<12>        |   10.039|
B<0>           |Sum<13>        |   10.468|
B<0>           |Sum<14>        |   11.321|
B<0>           |Sum<15>        |   11.268|
B<1>           |Cout           |   11.867|
B<1>           |Sum<1>         |    9.846|
B<1>           |Sum<2>         |    9.786|
B<1>           |Sum<3>         |    9.506|
B<1>           |Sum<4>         |    9.671|
B<1>           |Sum<5>         |    9.833|
B<1>           |Sum<6>         |    9.986|
B<1>           |Sum<7>         |   10.161|
B<1>           |Sum<8>         |   10.093|
B<1>           |Sum<9>         |    9.700|
B<1>           |Sum<10>        |    9.906|
B<1>           |Sum<11>        |    9.671|
B<1>           |Sum<12>        |   10.055|
B<1>           |Sum<13>        |   10.484|
B<1>           |Sum<14>        |   11.337|
B<1>           |Sum<15>        |   11.284|
B<2>           |Cout           |   11.747|
B<2>           |Sum<2>         |    9.624|
B<2>           |Sum<3>         |    9.340|
B<2>           |Sum<4>         |    9.551|
B<2>           |Sum<5>         |    9.713|
B<2>           |Sum<6>         |    9.866|
B<2>           |Sum<7>         |   10.041|
B<2>           |Sum<8>         |    9.973|
B<2>           |Sum<9>         |    9.580|
B<2>           |Sum<10>        |    9.786|
B<2>           |Sum<11>        |    9.551|
B<2>           |Sum<12>        |    9.935|
B<2>           |Sum<13>        |   10.364|
B<2>           |Sum<14>        |   11.217|
B<2>           |Sum<15>        |   11.164|
B<3>           |Cout           |   11.678|
B<3>           |Sum<3>         |    9.269|
B<3>           |Sum<4>         |    9.482|
B<3>           |Sum<5>         |    9.644|
B<3>           |Sum<6>         |    9.797|
B<3>           |Sum<7>         |    9.972|
B<3>           |Sum<8>         |    9.904|
B<3>           |Sum<9>         |    9.511|
B<3>           |Sum<10>        |    9.717|
B<3>           |Sum<11>        |    9.482|
B<3>           |Sum<12>        |    9.866|
B<3>           |Sum<13>        |   10.295|
B<3>           |Sum<14>        |   11.148|
B<3>           |Sum<15>        |   11.095|
B<4>           |Cout           |   11.711|
B<4>           |Sum<4>         |    9.396|
B<4>           |Sum<5>         |    9.530|
B<4>           |Sum<6>         |    9.772|
B<4>           |Sum<7>         |    9.964|
B<4>           |Sum<8>         |    9.937|
B<4>           |Sum<9>         |    9.544|
B<4>           |Sum<10>        |    9.750|
B<4>           |Sum<11>        |    9.515|
B<4>           |Sum<12>        |    9.899|
B<4>           |Sum<13>        |   10.328|
B<4>           |Sum<14>        |   11.181|
B<4>           |Sum<15>        |   11.128|
B<5>           |Cout           |   11.723|
B<5>           |Sum<5>         |    9.498|
B<5>           |Sum<6>         |    9.785|
B<5>           |Sum<7>         |    9.983|
B<5>           |Sum<8>         |    9.949|
B<5>           |Sum<9>         |    9.556|
B<5>           |Sum<10>        |    9.762|
B<5>           |Sum<11>        |    9.527|
B<5>           |Sum<12>        |    9.911|
B<5>           |Sum<13>        |   10.340|
B<5>           |Sum<14>        |   11.193|
B<5>           |Sum<15>        |   11.140|
B<6>           |Cout           |   11.422|
B<6>           |Sum<6>         |    9.442|
B<6>           |Sum<7>         |    9.636|
B<6>           |Sum<8>         |    9.648|
B<6>           |Sum<9>         |    9.255|
B<6>           |Sum<10>        |    9.461|
B<6>           |Sum<11>        |    9.226|
B<6>           |Sum<12>        |    9.610|
B<6>           |Sum<13>        |   10.039|
B<6>           |Sum<14>        |   10.892|
B<6>           |Sum<15>        |   10.839|
B<7>           |Cout           |   11.480|
B<7>           |Sum<7>         |    9.692|
B<7>           |Sum<8>         |    9.706|
B<7>           |Sum<9>         |    9.313|
B<7>           |Sum<10>        |    9.519|
B<7>           |Sum<11>        |    9.284|
B<7>           |Sum<12>        |    9.668|
B<7>           |Sum<13>        |   10.097|
B<7>           |Sum<14>        |   10.950|
B<7>           |Sum<15>        |   10.897|
B<8>           |Cout           |   11.376|
B<8>           |Sum<8>         |    9.483|
B<8>           |Sum<9>         |    9.062|
B<8>           |Sum<10>        |    9.357|
B<8>           |Sum<11>        |    9.139|
B<8>           |Sum<12>        |    9.564|
B<8>           |Sum<13>        |    9.993|
B<8>           |Sum<14>        |   10.846|
B<8>           |Sum<15>        |   10.793|
B<9>           |Cout           |   12.739|
B<9>           |Sum<9>         |   10.381|
B<9>           |Sum<10>        |   10.721|
B<9>           |Sum<11>        |   10.509|
B<9>           |Sum<12>        |   10.927|
B<9>           |Sum<13>        |   11.356|
B<9>           |Sum<14>        |   12.209|
B<9>           |Sum<15>        |   12.156|
B<10>          |Cout           |   12.387|
B<10>          |Sum<10>        |   10.327|
B<10>          |Sum<11>        |   10.111|
B<10>          |Sum<12>        |   10.575|
B<10>          |Sum<13>        |   11.004|
B<10>          |Sum<14>        |   11.857|
B<10>          |Sum<15>        |   11.804|
B<11>          |Cout           |   12.240|
B<11>          |Sum<11>        |    9.962|
B<11>          |Sum<12>        |   10.428|
B<11>          |Sum<13>        |   10.857|
B<11>          |Sum<14>        |   11.710|
B<11>          |Sum<15>        |   11.657|
B<12>          |Cout           |   12.293|
B<12>          |Sum<12>        |   10.362|
B<12>          |Sum<13>        |   10.763|
B<12>          |Sum<14>        |   11.705|
B<12>          |Sum<15>        |   11.669|
B<13>          |Cout           |   12.469|
B<13>          |Sum<13>        |   10.895|
B<13>          |Sum<14>        |   11.882|
B<13>          |Sum<15>        |   11.852|
B<14>          |Cout           |   11.886|
B<14>          |Sum<14>        |   11.257|
B<14>          |Sum<15>        |   11.223|
B<15>          |Cout           |   11.902|
B<15>          |Sum<15>        |   11.237|
Cin<0>         |Cout           |   11.780|
Cin<0>         |Sum<0>         |    9.670|
Cin<0>         |Sum<1>         |    9.861|
Cin<0>         |Sum<2>         |    9.650|
Cin<0>         |Sum<3>         |    9.418|
Cin<0>         |Sum<4>         |    9.584|
Cin<0>         |Sum<5>         |    9.746|
Cin<0>         |Sum<6>         |    9.899|
Cin<0>         |Sum<7>         |   10.074|
Cin<0>         |Sum<8>         |   10.006|
Cin<0>         |Sum<9>         |    9.613|
Cin<0>         |Sum<10>        |    9.819|
Cin<0>         |Sum<11>        |    9.584|
Cin<0>         |Sum<12>        |    9.968|
Cin<0>         |Sum<13>        |   10.397|
Cin<0>         |Sum<14>        |   11.250|
Cin<0>         |Sum<15>        |   11.197|
---------------+---------------+---------+


Analysis completed Sat Feb 15 20:51:12 2025 
--------------------------------------------------------------------------------

Trace Settings:
-------------------------
Trace Settings 

Peak Memory Usage: 213 MB



